// Jest Snapshot v1, https://goo.gl/fbAQLP

exports[`ListItem sholud render correctly 1`] = `
<View
  style={
    Object {
      "backgroundColor": "rgb(0,	208, 229)",
      "borderRadius": 12,
      "padding": 20,
      "width": "80%",
    }
  }
>
  <Text
    style={
      Object {
        "color": "rgb(255, 255, 255)",
        "fontSize": 22,
        "textAlign": "center",
      }
    }
  >
    id: 
    12
  </Text>
  <Text
    style={
      Object {
        "color": "rgb(255, 255, 255)",
        "fontSize": 22,
        "textAlign": "center",
      }
    }
  >
    name: 
    test
  </Text>
  <Text
    style={
      Object {
        "color": "rgb(255, 255, 255)",
        "fontSize": 22,
        "textAlign": "center",
      }
    }
  >
    pwd: 
    123
  </Text>
</View>
`;
