// Jest Snapshot v1, https://goo.gl/fbAQLP

exports[`Button sholud render correctly 1`] = `
<View
  style={
    Object {
      "width": 600,
    }
  }
>
  <View
    accessible={true}
    isTVSelectable={true}
    onResponderGrant={[Function]}
    onResponderMove={[Function]}
    onResponderRelease={[Function]}
    onResponderTerminate={[Function]}
    onResponderTerminationRequest={[Function]}
    onStartShouldSetResponder={[Function]}
    style={
      Object {
        "alignItems": "center",
        "backgroundColor": "rgb(0,	208, 229)",
        "borderRadius": 12,
        "borderWidth": 0,
        "opacity": 1,
        "padding": 33.35,
      }
    }
  >
    <Text
      style={
        Object {
          "color": "white",
          "fontSize": 17,
          "fontWeight": "bold",
        }
      }
    >
      Test
    </Text>
  </View>
</View>
`;
