// Jest Snapshot v1, https://goo.gl/fbAQLP

exports[`Message sholud render correctly 1`] = `
<View
  style={
    Object {
      "alignItems": "center",
      "flex": 1,
      "justifyContent": "center",
      "marginTop": 20,
      "position": "absolute",
    }
  }
>
  <Modal
    animationType="fade"
    hardwareAccelerated={false}
    transparent={true}
    visible={false}
  >
    <View
      style={
        Object {
          "alignItems": "center",
          "backgroundColor": "rgba(52, 52, 52, 0.6)",
          "flex": 1,
          "justifyContent": "center",
        }
      }
    >
      <View
        style={
          Object {
            "alignItems": "center",
            "backgroundColor": "rgb(32, 34, 52)",
            "borderRadius": 12,
            "height": 220,
            "justifyContent": "center",
            "width": "90%",
          }
        }
      >
        <View
          style={
            Object {
              "alignItems": "center",
              "height": "70%",
              "justifyContent": "space-between",
              "width": "90%",
            }
          }
        >
          <Text
            style={
              Object {
                "color": "rgb(255, 255, 255)",
                "fontSize": 26,
                "fontWeight": "800",
              }
            }
          >
            Test
          </Text>
          <Text
            numberOfLines={3}
            style={
              Object {
                "color": "rgb(255, 255, 255)",
                "fontSize": 16,
                "textAlign": "center",
              }
            }
          >
            test
          </Text>
          <View
            style={
              Object {
                "width": 600,
              }
            }
          >
            <View
              accessible={true}
              isTVSelectable={true}
              onResponderGrant={[Function]}
              onResponderMove={[Function]}
              onResponderRelease={[Function]}
              onResponderTerminate={[Function]}
              onResponderTerminationRequest={[Function]}
              onStartShouldSetResponder={[Function]}
              style={
                Object {
                  "alignItems": "center",
                  "backgroundColor": "rgb(0,	208, 229)",
                  "borderRadius": 12,
                  "borderWidth": 0,
                  "opacity": 1,
                  "padding": 33.35,
                }
              }
            >
              <Text
                style={
                  Object {
                    "color": "white",
                    "fontSize": 17,
                    "fontWeight": "bold",
                  }
                }
              >
                testButton
              </Text>
            </View>
          </View>
        </View>
      </View>
    </View>
  </Modal>
</View>
`;
